ALLOC at : 4 (12 byte(s))
ALLOC at : 20 (12 byte(s))
ALLOC at : 36 (12 byte(s))
ALLOC at : 52 (12 byte(s))
ALLOC at : 68 (12 byte(s))
ALLOC at : 84 (12 byte(s))
ALLOC at : 100 (12 byte(s))
ALLOC at : 116 (12 byte(s))
ALLOC at : 132 (12 byte(s))
ALLOC at : 148 (12 byte(s))
ALLOC at : 164 (12 byte(s))
ALLOC at : 180 (12 byte(s))
ALLOC at : 196 (12 byte(s))
ALLOC at : 212 (12 byte(s))
FREE  at : 196 
Begin of free block list :
Free block at address 192, size 16
Free block at address 224, size 65312
ALLOC at : 228 (12 byte(s))
FREE  at : 228 
Begin of free block list :
Free block at address 192, size 16
Free block at address 224, size 65312
FREE  at : 212 
Begin of free block list :
Free block at address 192, size 65344
FREE  at : 164 
Begin of free block list :
Free block at address 160, size 16
Free block at address 192, size 65344
ALLOC at : 196 (12 byte(s))
FREE  at : 196 
Begin of free block list :
Free block at address 160, size 16
Free block at address 192, size 65344
FREE  at : 132 
Begin of free block list :
Free block at address 128, size 16
Free block at address 160, size 16
Free block at address 192, size 65344
ALLOC at : 196 (12 byte(s))
ALLOC at : 212 (12 byte(s))
ALLOC at : 228 (12 byte(s))
FREE  at : 212 
Begin of free block list :
Free block at address 128, size 16
Free block at address 160, size 16
Free block at address 208, size 16
Free block at address 240, size 65296
ALLOC at : 244 (12 byte(s))
FREE  at : 244 
Begin of free block list :
Free block at address 128, size 16
Free block at address 160, size 16
Free block at address 208, size 16
Free block at address 240, size 65296
FREE  at : 228 
Begin of free block list :
Free block at address 128, size 16
Free block at address 160, size 16
Free block at address 208, size 65328
FREE  at : 196 
Begin of free block list :
Free block at address 128, size 16
Free block at address 160, size 16
Free block at address 192, size 65344
FREE  at : 148 
Begin of free block list :
Free block at address 128, size 48
Free block at address 192, size 65344
FREE  at : 100 
Begin of free block list :
Free block at address 96, size 16
Free block at address 128, size 48
Free block at address 192, size 65344
ALLOC at : 196 (12 byte(s))
ALLOC at : 212 (12 byte(s))
ALLOC at : 228 (12 byte(s))
ALLOC at : 244 (12 byte(s))
ALLOC at : 260 (12 byte(s))
FREE  at : 244 
Begin of free block list :
Free block at address 96, size 16
Free block at address 128, size 48
Free block at address 240, size 16
Free block at address 272, size 65264
ALLOC at : 276 (12 byte(s))
FREE  at : 276 
Begin of free block list :
Free block at address 96, size 16
Free block at address 128, size 48
Free block at address 240, size 16
Free block at address 272, size 65264
FREE  at : 260 
Begin of free block list :
Free block at address 96, size 16
Free block at address 128, size 48
Free block at address 240, size 65296
FREE  at : 212 
Begin of free block list :
Free block at address 96, size 16
Free block at address 128, size 48
Free block at address 208, size 16
Free block at address 240, size 65296
ALLOC at : 244 (12 byte(s))
FREE  at : 244 
Begin of free block list :
Free block at address 96, size 16
Free block at address 128, size 48
Free block at address 208, size 16
Free block at address 240, size 65296
FREE  at : 196 
Begin of free block list :
Free block at address 96, size 16
Free block at address 128, size 48
Free block at address 192, size 32
Free block at address 240, size 65296
FREE  at : 68 
Begin of free block list :
Free block at address 64, size 16
Free block at address 96, size 16
Free block at address 128, size 48
Free block at address 192, size 32
Free block at address 240, size 65296
ALLOC at : 244 (12 byte(s))
ALLOC at : 260 (12 byte(s))
ALLOC at : 276 (12 byte(s))
ALLOC at : 292 (12 byte(s))
ALLOC at : 308 (12 byte(s))
ALLOC at : 324 (12 byte(s))
ALLOC at : 340 (12 byte(s))
FREE  at : 324 
Begin of free block list :
Free block at address 64, size 16
Free block at address 96, size 16
Free block at address 128, size 48
Free block at address 192, size 32
Free block at address 320, size 16
Free block at address 352, size 65184
ALLOC at : 356 (12 byte(s))
FREE  at : 356 
Begin of free block list :
Free block at address 64, size 16
Free block at address 96, size 16
Free block at address 128, size 48
Free block at address 192, size 32
Free block at address 320, size 16
Free block at address 352, size 65184
FREE  at : 340 
Begin of free block list :
Free block at address 64, size 16
Free block at address 96, size 16
Free block at address 128, size 48
Free block at address 192, size 32
Free block at address 320, size 65216
FREE  at : 292 
Begin of free block list :
Free block at address 64, size 16
Free block at address 96, size 16
Free block at address 128, size 48
Free block at address 192, size 32
Free block at address 288, size 16
Free block at address 320, size 65216
ALLOC at : 324 (12 byte(s))
FREE  at : 324 
Begin of free block list :
Free block at address 64, size 16
Free block at address 96, size 16
Free block at address 128, size 48
Free block at address 192, size 32
Free block at address 288, size 16
Free block at address 320, size 65216
FREE  at : 260 
Begin of free block list :
Free block at address 64, size 16
Free block at address 96, size 16
Free block at address 128, size 48
Free block at address 192, size 32
Free block at address 256, size 16
Free block at address 288, size 16
Free block at address 320, size 65216
ALLOC at : 324 (12 byte(s))
ALLOC at : 340 (12 byte(s))
ALLOC at : 356 (12 byte(s))
FREE  at : 340 
Begin of free block list :
Free block at address 64, size 16
Free block at address 96, size 16
Free block at address 128, size 48
Free block at address 192, size 32
Free block at address 256, size 16
Free block at address 288, size 16
Free block at address 336, size 16
Free block at address 368, size 65168
ALLOC at : 372 (12 byte(s))
FREE  at : 372 
Begin of free block list :
Free block at address 64, size 16
Free block at address 96, size 16
Free block at address 128, size 48
Free block at address 192, size 32
Free block at address 256, size 16
Free block at address 288, size 16
Free block at address 336, size 16
Free block at address 368, size 65168
FREE  at : 356 
Begin of free block list :
Free block at address 64, size 16
Free block at address 96, size 16
Free block at address 128, size 48
Free block at address 192, size 32
Free block at address 256, size 16
Free block at address 288, size 16
Free block at address 336, size 65200
FREE  at : 324 
Begin of free block list :
Free block at address 64, size 16
Free block at address 96, size 16
Free block at address 128, size 48
Free block at address 192, size 32
Free block at address 256, size 16
Free block at address 288, size 16
Free block at address 320, size 65216
FREE  at : 276 
Begin of free block list :
Free block at address 64, size 16
Free block at address 96, size 16
Free block at address 128, size 48
Free block at address 192, size 32
Free block at address 256, size 48
Free block at address 320, size 65216
FREE  at : 244 
Begin of free block list :
Free block at address 64, size 16
Free block at address 96, size 16
Free block at address 128, size 48
Free block at address 192, size 32
Free block at address 240, size 64
Free block at address 320, size 65216
FREE  at : 84 
Begin of free block list :
Free block at address 64, size 48
Free block at address 128, size 48
Free block at address 192, size 32
Free block at address 240, size 64
Free block at address 320, size 65216
FREE  at : 36 
Begin of free block list :
Free block at address 32, size 16
Free block at address 64, size 48
Free block at address 128, size 48
Free block at address 192, size 32
Free block at address 240, size 64
Free block at address 320, size 65216
ALLOC at : 324 (12 byte(s))
ALLOC at : 340 (12 byte(s))
ALLOC at : 356 (12 byte(s))
ALLOC at : 372 (12 byte(s))
ALLOC at : 388 (12 byte(s))
ALLOC at : 404 (12 byte(s))
ALLOC at : 420 (12 byte(s))
ALLOC at : 436 (12 byte(s))
ALLOC at : 452 (12 byte(s))
FREE  at : 436 
Begin of free block list :
Free block at address 32, size 16
Free block at address 64, size 48
Free block at address 128, size 48
Free block at address 192, size 32
Free block at address 240, size 64
Free block at address 432, size 16
Free block at address 464, size 65072
ALLOC at : 468 (12 byte(s))
FREE  at : 468 
Begin of free block list :
Free block at address 32, size 16
Free block at address 64, size 48
Free block at address 128, size 48
Free block at address 192, size 32
Free block at address 240, size 64
Free block at address 432, size 16
Free block at address 464, size 65072
FREE  at : 452 
Begin of free block list :
Free block at address 32, size 16
Free block at address 64, size 48
Free block at address 128, size 48
Free block at address 192, size 32
Free block at address 240, size 64
Free block at address 432, size 65104
FREE  at : 404 
Begin of free block list :
Free block at address 32, size 16
Free block at address 64, size 48
Free block at address 128, size 48
Free block at address 192, size 32
Free block at address 240, size 64
Free block at address 400, size 16
Free block at address 432, size 65104
ALLOC at : 436 (12 byte(s))
FREE  at : 436 
Begin of free block list :
Free block at address 32, size 16
Free block at address 64, size 48
Free block at address 128, size 48
Free block at address 192, size 32
Free block at address 240, size 64
Free block at address 400, size 16
Free block at address 432, size 65104
FREE  at : 372 
Begin of free block list :
Free block at address 32, size 16
Free block at address 64, size 48
Free block at address 128, size 48
Free block at address 192, size 32
Free block at address 240, size 64
Free block at address 368, size 16
Free block at address 400, size 16
Free block at address 432, size 65104
ALLOC at : 436 (12 byte(s))
ALLOC at : 452 (12 byte(s))
ALLOC at : 468 (12 byte(s))
FREE  at : 452 
Begin of free block list :
Free block at address 32, size 16
Free block at address 64, size 48
Free block at address 128, size 48
Free block at address 192, size 32
Free block at address 240, size 64
Free block at address 368, size 16
Free block at address 400, size 16
Free block at address 448, size 16
Free block at address 480, size 65056
ALLOC at : 484 (12 byte(s))
FREE  at : 484 
Begin of free block list :
Free block at address 32, size 16
Free block at address 64, size 48
Free block at address 128, size 48
Free block at address 192, size 32
Free block at address 240, size 64
Free block at address 368, size 16
Free block at address 400, size 16
Free block at address 448, size 16
Free block at address 480, size 65056
FREE  at : 468 
Begin of free block list :
Free block at address 32, size 16
Free block at address 64, size 48
Free block at address 128, size 48
Free block at address 192, size 32
Free block at address 240, size 64
Free block at address 368, size 16
Free block at address 400, size 16
Free block at address 448, size 65088
FREE  at : 436 
Begin of free block list :
Free block at address 32, size 16
Free block at address 64, size 48
Free block at address 128, size 48
Free block at address 192, size 32
Free block at address 240, size 64
Free block at address 368, size 16
Free block at address 400, size 16
Free block at address 432, size 65104
FREE  at : 388 
Begin of free block list :
Free block at address 32, size 16
Free block at address 64, size 48
Free block at address 128, size 48
Free block at address 192, size 32
Free block at address 240, size 64
Free block at address 368, size 48
Free block at address 432, size 65104
FREE  at : 340 
Begin of free block list :
Free block at address 32, size 16
Free block at address 64, size 48
Free block at address 128, size 48
Free block at address 192, size 32
Free block at address 240, size 64
Free block at address 336, size 16
Free block at address 368, size 48
Free block at address 432, size 65104
ALLOC at : 436 (12 byte(s))
ALLOC at : 452 (12 byte(s))
ALLOC at : 468 (12 byte(s))
ALLOC at : 484 (12 byte(s))
ALLOC at : 500 (12 byte(s))
FREE  at : 484 
Begin of free block list :
Free block at address 32, size 16
Free block at address 64, size 48
Free block at address 128, size 48
Free block at address 192, size 32
Free block at address 240, size 64
Free block at address 336, size 16
Free block at address 368, size 48
Free block at address 480, size 16
Free block at address 512, size 65024
ALLOC at : 516 (12 byte(s))
FREE  at : 516 
Begin of free block list :
Free block at address 32, size 16
Free block at address 64, size 48
Free block at address 128, size 48
Free block at address 192, size 32
Free block at address 240, size 64
Free block at address 336, size 16
Free block at address 368, size 48
Free block at address 480, size 16
Free block at address 512, size 65024
FREE  at : 500 
Begin of free block list :
Free block at address 32, size 16
Free block at address 64, size 48
Free block at address 128, size 48
Free block at address 192, size 32
Free block at address 240, size 64
Free block at address 336, size 16
Free block at address 368, size 48
Free block at address 480, size 65056
FREE  at : 452 
Begin of free block list :
Free block at address 32, size 16
Free block at address 64, size 48
Free block at address 128, size 48
Free block at address 192, size 32
Free block at address 240, size 64
Free block at address 336, size 16
Free block at address 368, size 48
Free block at address 448, size 16
Free block at address 480, size 65056
ALLOC at : 484 (12 byte(s))
FREE  at : 484 
Begin of free block list :
Free block at address 32, size 16
Free block at address 64, size 48
Free block at address 128, size 48
Free block at address 192, size 32
Free block at address 240, size 64
Free block at address 336, size 16
Free block at address 368, size 48
Free block at address 448, size 16
Free block at address 480, size 65056
FREE  at : 436 
Begin of free block list :
Free block at address 32, size 16
Free block at address 64, size 48
Free block at address 128, size 48
Free block at address 192, size 32
Free block at address 240, size 64
Free block at address 336, size 16
Free block at address 368, size 48
Free block at address 432, size 32
Free block at address 480, size 65056
FREE  at : 324 
Begin of free block list :
Free block at address 32, size 16
Free block at address 64, size 48
Free block at address 128, size 48
Free block at address 192, size 32
Free block at address 240, size 64
Free block at address 320, size 32
Free block at address 368, size 48
Free block at address 432, size 32
Free block at address 480, size 65056
FREE  at : 4 
Begin of free block list :
Free block at address 0, size 16
Free block at address 32, size 16
Free block at address 64, size 48
Free block at address 128, size 48
Free block at address 192, size 32
Free block at address 240, size 64
Free block at address 320, size 32
Free block at address 368, size 48
Free block at address 432, size 32
Free block at address 480, size 65056
ALLOC at : 484 (12 byte(s))
ALLOC at : 500 (12 byte(s))
ALLOC at : 516 (12 byte(s))
ALLOC at : 532 (12 byte(s))
ALLOC at : 548 (12 byte(s))
ALLOC at : 564 (12 byte(s))
ALLOC at : 580 (12 byte(s))
ALLOC at : 596 (12 byte(s))
ALLOC at : 612 (12 byte(s))
ALLOC at : 628 (12 byte(s))
ALLOC at : 644 (12 byte(s))
FREE  at : 628 
Begin of free block list :
Free block at address 0, size 16
Free block at address 32, size 16
Free block at address 64, size 48
Free block at address 128, size 48
Free block at address 192, size 32
Free block at address 240, size 64
Free block at address 320, size 32
Free block at address 368, size 48
Free block at address 432, size 32
Free block at address 624, size 16
Free block at address 656, size 64880
ALLOC at : 660 (12 byte(s))
FREE  at : 660 
Begin of free block list :
Free block at address 0, size 16
Free block at address 32, size 16
Free block at address 64, size 48
Free block at address 128, size 48
Free block at address 192, size 32
Free block at address 240, size 64
Free block at address 320, size 32
Free block at address 368, size 48
Free block at address 432, size 32
Free block at address 624, size 16
Free block at address 656, size 64880
FREE  at : 644 
Begin of free block list :
Free block at address 0, size 16
Free block at address 32, size 16
Free block at address 64, size 48
Free block at address 128, size 48
Free block at address 192, size 32
Free block at address 240, size 64
Free block at address 320, size 32
Free block at address 368, size 48
Free block at address 432, size 32
Free block at address 624, size 64912
FREE  at : 596 
Begin of free block list :
Free block at address 0, size 16
Free block at address 32, size 16
Free block at address 64, size 48
Free block at address 128, size 48
Free block at address 192, size 32
Free block at address 240, size 64
Free block at address 320, size 32
Free block at address 368, size 48
Free block at address 432, size 32
Free block at address 592, size 16
Free block at address 624, size 64912
ALLOC at : 628 (12 byte(s))
FREE  at : 628 
Begin of free block list :
Free block at address 0, size 16
Free block at address 32, size 16
Free block at address 64, size 48
Free block at address 128, size 48
Free block at address 192, size 32
Free block at address 240, size 64
Free block at address 320, size 32
Free block at address 368, size 48
Free block at address 432, size 32
Free block at address 592, size 16
Free block at address 624, size 64912
FREE  at : 564 
Begin of free block list :
Free block at address 0, size 16
Free block at address 32, size 16
Free block at address 64, size 48
Free block at address 128, size 48
Free block at address 192, size 32
Free block at address 240, size 64
Free block at address 320, size 32
Free block at address 368, size 48
Free block at address 432, size 32
Free block at address 560, size 16
Free block at address 592, size 16
Free block at address 624, size 64912
ALLOC at : 628 (12 byte(s))
ALLOC at : 644 (12 byte(s))
ALLOC at : 660 (12 byte(s))
FREE  at : 644 
Begin of free block list :
Free block at address 0, size 16
Free block at address 32, size 16
Free block at address 64, size 48
Free block at address 128, size 48
Free block at address 192, size 32
Free block at address 240, size 64
Free block at address 320, size 32
Free block at address 368, size 48
Free block at address 432, size 32
Free block at address 560, size 16
Free block at address 592, size 16
Free block at address 640, size 16
Free block at address 672, size 64864
ALLOC at : 676 (12 byte(s))
FREE  at : 676 
Begin of free block list :
Free block at address 0, size 16
Free block at address 32, size 16
Free block at address 64, size 48
Free block at address 128, size 48
Free block at address 192, size 32
Free block at address 240, size 64
Free block at address 320, size 32
Free block at address 368, size 48
Free block at address 432, size 32
Free block at address 560, size 16
Free block at address 592, size 16
Free block at address 640, size 16
Free block at address 672, size 64864
FREE  at : 660 
Begin of free block list :
Free block at address 0, size 16
Free block at address 32, size 16
Free block at address 64, size 48
Free block at address 128, size 48
Free block at address 192, size 32
Free block at address 240, size 64
Free block at address 320, size 32
Free block at address 368, size 48
Free block at address 432, size 32
Free block at address 560, size 16
Free block at address 592, size 16
Free block at address 640, size 64896
FREE  at : 628 
Begin of free block list :
Free block at address 0, size 16
Free block at address 32, size 16
Free block at address 64, size 48
Free block at address 128, size 48
Free block at address 192, size 32
Free block at address 240, size 64
Free block at address 320, size 32
Free block at address 368, size 48
Free block at address 432, size 32
Free block at address 560, size 16
Free block at address 592, size 16
Free block at address 624, size 64912
FREE  at : 580 
Begin of free block list :
Free block at address 0, size 16
Free block at address 32, size 16
Free block at address 64, size 48
Free block at address 128, size 48
Free block at address 192, size 32
Free block at address 240, size 64
Free block at address 320, size 32
Free block at address 368, size 48
Free block at address 432, size 32
Free block at address 560, size 48
Free block at address 624, size 64912
FREE  at : 532 
Begin of free block list :
Free block at address 0, size 16
Free block at address 32, size 16
Free block at address 64, size 48
Free block at address 128, size 48
Free block at address 192, size 32
Free block at address 240, size 64
Free block at address 320, size 32
Free block at address 368, size 48
Free block at address 432, size 32
Free block at address 528, size 16
Free block at address 560, size 48
Free block at address 624, size 64912
ALLOC at : 628 (12 byte(s))
ALLOC at : 644 (12 byte(s))
ALLOC at : 660 (12 byte(s))
ALLOC at : 676 (12 byte(s))
ALLOC at : 692 (12 byte(s))
FREE  at : 676 
Begin of free block list :
Free block at address 0, size 16
Free block at address 32, size 16
Free block at address 64, size 48
Free block at address 128, size 48
Free block at address 192, size 32
Free block at address 240, size 64
Free block at address 320, size 32
Free block at address 368, size 48
Free block at address 432, size 32
Free block at address 528, size 16
Free block at address 560, size 48
Free block at address 672, size 16
Free block at address 704, size 64832
ALLOC at : 708 (12 byte(s))
FREE  at : 708 
Begin of free block list :
Free block at address 0, size 16
Free block at address 32, size 16
Free block at address 64, size 48
Free block at address 128, size 48
Free block at address 192, size 32
Free block at address 240, size 64
Free block at address 320, size 32
Free block at address 368, size 48
Free block at address 432, size 32
Free block at address 528, size 16
Free block at address 560, size 48
Free block at address 672, size 16
Free block at address 704, size 64832
FREE  at : 692 
Begin of free block list :
Free block at address 0, size 16
Free block at address 32, size 16
Free block at address 64, size 48
Free block at address 128, size 48
Free block at address 192, size 32
Free block at address 240, size 64
Free block at address 320, size 32
Free block at address 368, size 48
Free block at address 432, size 32
Free block at address 528, size 16
Free block at address 560, size 48
Free block at address 672, size 64864
FREE  at : 644 
Begin of free block list :
Free block at address 0, size 16
Free block at address 32, size 16
Free block at address 64, size 48
Free block at address 128, size 48
Free block at address 192, size 32
Free block at address 240, size 64
Free block at address 320, size 32
Free block at address 368, size 48
Free block at address 432, size 32
Free block at address 528, size 16
Free block at address 560, size 48
Free block at address 640, size 16
Free block at address 672, size 64864
ALLOC at : 676 (12 byte(s))
FREE  at : 676 
Begin of free block list :
Free block at address 0, size 16
Free block at address 32, size 16
Free block at address 64, size 48
Free block at address 128, size 48
Free block at address 192, size 32
Free block at address 240, size 64
Free block at address 320, size 32
Free block at address 368, size 48
Free block at address 432, size 32
Free block at address 528, size 16
Free block at address 560, size 48
Free block at address 640, size 16
Free block at address 672, size 64864
FREE  at : 628 
Begin of free block list :
Free block at address 0, size 16
Free block at address 32, size 16
Free block at address 64, size 48
Free block at address 128, size 48
Free block at address 192, size 32
Free block at address 240, size 64
Free block at address 320, size 32
Free block at address 368, size 48
Free block at address 432, size 32
Free block at address 528, size 16
Free block at address 560, size 48
Free block at address 624, size 32
Free block at address 672, size 64864
FREE  at : 500 
Begin of free block list :
Free block at address 0, size 16
Free block at address 32, size 16
Free block at address 64, size 48
Free block at address 128, size 48
Free block at address 192, size 32
Free block at address 240, size 64
Free block at address 320, size 32
Free block at address 368, size 48
Free block at address 432, size 32
Free block at address 496, size 16
Free block at address 528, size 16
Free block at address 560, size 48
Free block at address 624, size 32
Free block at address 672, size 64864
ALLOC at : 676 (12 byte(s))
ALLOC at : 692 (12 byte(s))
ALLOC at : 708 (12 byte(s))
ALLOC at : 724 (12 byte(s))
ALLOC at : 740 (12 byte(s))
ALLOC at : 756 (12 byte(s))
ALLOC at : 772 (12 byte(s))
FREE  at : 756 
Begin of free block list :
Free block at address 0, size 16
Free block at address 32, size 16
Free block at address 64, size 48
Free block at address 128, size 48
Free block at address 192, size 32
Free block at address 240, size 64
Free block at address 320, size 32
Free block at address 368, size 48
Free block at address 432, size 32
Free block at address 496, size 16
Free block at address 528, size 16
Free block at address 560, size 48
Free block at address 624, size 32
Free block at address 752, size 16
Free block at address 784, size 64752
ALLOC at : 788 (12 byte(s))
FREE  at : 788 
Begin of free block list :
Free block at address 0, size 16
Free block at address 32, size 16
Free block at address 64, size 48
Free block at address 128, size 48
Free block at address 192, size 32
Free block at address 240, size 64
Free block at address 320, size 32
Free block at address 368, size 48
Free block at address 432, size 32
Free block at address 496, size 16
Free block at address 528, size 16
Free block at address 560, size 48
Free block at address 624, size 32
Free block at address 752, size 16
Free block at address 784, size 64752
FREE  at : 772 
Begin of free block list :
Free block at address 0, size 16
Free block at address 32, size 16
Free block at address 64, size 48
Free block at address 128, size 48
Free block at address 192, size 32
Free block at address 240, size 64
Free block at address 320, size 32
Free block at address 368, size 48
Free block at address 432, size 32
Free block at address 496, size 16
Free block at address 528, size 16
Free block at address 560, size 48
Free block at address 624, size 32
Free block at address 752, size 64784
FREE  at : 724 
Begin of free block list :
Free block at address 0, size 16
Free block at address 32, size 16
Free block at address 64, size 48
Free block at address 128, size 48
Free block at address 192, size 32
Free block at address 240, size 64
Free block at address 320, size 32
Free block at address 368, size 48
Free block at address 432, size 32
Free block at address 496, size 16
Free block at address 528, size 16
Free block at address 560, size 48
Free block at address 624, size 32
Free block at address 720, size 16
Free block at address 752, size 64784
ALLOC at : 756 (12 byte(s))
FREE  at : 756 
Begin of free block list :
Free block at address 0, size 16
Free block at address 32, size 16
Free block at address 64, size 48
Free block at address 128, size 48
Free block at address 192, size 32
Free block at address 240, size 64
Free block at address 320, size 32
Free block at address 368, size 48
Free block at address 432, size 32
Free block at address 496, size 16
Free block at address 528, size 16
Free block at address 560, size 48
Free block at address 624, size 32
Free block at address 720, size 16
Free block at address 752, size 64784
FREE  at : 692 
Begin of free block list :
Free block at address 0, size 16
Free block at address 32, size 16
Free block at address 64, size 48
Free block at address 128, size 48
Free block at address 192, size 32
Free block at address 240, size 64
Free block at address 320, size 32
Free block at address 368, size 48
Free block at address 432, size 32
Free block at address 496, size 16
Free block at address 528, size 16
Free block at address 560, size 48
Free block at address 624, size 32
Free block at address 688, size 16
Free block at address 720, size 16
Free block at address 752, size 64784
ALLOC at : 756 (12 byte(s))
ALLOC at : 772 (12 byte(s))
ALLOC at : 788 (12 byte(s))
FREE  at : 772 
Begin of free block list :
Free block at address 0, size 16
Free block at address 32, size 16
Free block at address 64, size 48
Free block at address 128, size 48
Free block at address 192, size 32
Free block at address 240, size 64
Free block at address 320, size 32
Free block at address 368, size 48
Free block at address 432, size 32
Free block at address 496, size 16
Free block at address 528, size 16
Free block at address 560, size 48
Free block at address 624, size 32
Free block at address 688, size 16
Free block at address 720, size 16
Free block at address 768, size 16
Free block at address 800, size 64736
ALLOC at : 804 (12 byte(s))
FREE  at : 804 
Begin of free block list :
Free block at address 0, size 16
Free block at address 32, size 16
Free block at address 64, size 48
Free block at address 128, size 48
Free block at address 192, size 32
Free block at address 240, size 64
Free block at address 320, size 32
Free block at address 368, size 48
Free block at address 432, size 32
Free block at address 496, size 16
Free block at address 528, size 16
Free block at address 560, size 48
Free block at address 624, size 32
Free block at address 688, size 16
Free block at address 720, size 16
Free block at address 768, size 16
Free block at address 800, size 64736
FREE  at : 788 
Begin of free block list :
Free block at address 0, size 16
Free block at address 32, size 16
Free block at address 64, size 48
Free block at address 128, size 48
Free block at address 192, size 32
Free block at address 240, size 64
Free block at address 320, size 32
Free block at address 368, size 48
Free block at address 432, size 32
Free block at address 496, size 16
Free block at address 528, size 16
Free block at address 560, size 48
Free block at address 624, size 32
Free block at address 688, size 16
Free block at address 720, size 16
Free block at address 768, size 64768
FREE  at : 756 
Begin of free block list :
Free block at address 0, size 16
Free block at address 32, size 16
Free block at address 64, size 48
Free block at address 128, size 48
Free block at address 192, size 32
Free block at address 240, size 64
Free block at address 320, size 32
Free block at address 368, size 48
Free block at address 432, size 32
Free block at address 496, size 16
Free block at address 528, size 16
Free block at address 560, size 48
Free block at address 624, size 32
Free block at address 688, size 16
Free block at address 720, size 16
Free block at address 752, size 64784
FREE  at : 708 
Begin of free block list :
Free block at address 0, size 16
Free block at address 32, size 16
Free block at address 64, size 48
Free block at address 128, size 48
Free block at address 192, size 32
Free block at address 240, size 64
Free block at address 320, size 32
Free block at address 368, size 48
Free block at address 432, size 32
Free block at address 496, size 16
Free block at address 528, size 16
Free block at address 560, size 48
Free block at address 624, size 32
Free block at address 688, size 48
Free block at address 752, size 64784
FREE  at : 676 
Begin of free block list :
Free block at address 0, size 16
Free block at address 32, size 16
Free block at address 64, size 48
Free block at address 128, size 48
Free block at address 192, size 32
Free block at address 240, size 64
Free block at address 320, size 32
Free block at address 368, size 48
Free block at address 432, size 32
Free block at address 496, size 16
Free block at address 528, size 16
Free block at address 560, size 48
Free block at address 624, size 32
Free block at address 672, size 64
Free block at address 752, size 64784
FREE  at : 516 
Begin of free block list :
Free block at address 0, size 16
Free block at address 32, size 16
Free block at address 64, size 48
Free block at address 128, size 48
Free block at address 192, size 32
Free block at address 240, size 64
Free block at address 320, size 32
Free block at address 368, size 48
Free block at address 432, size 32
Free block at address 496, size 48
Free block at address 560, size 48
Free block at address 624, size 32
Free block at address 672, size 64
Free block at address 752, size 64784
FREE  at : 484 
Begin of free block list :
Free block at address 0, size 16
Free block at address 32, size 16
Free block at address 64, size 48
Free block at address 128, size 48
Free block at address 192, size 32
Free block at address 240, size 64
Free block at address 320, size 32
Free block at address 368, size 48
Free block at address 432, size 32
Free block at address 480, size 64
Free block at address 560, size 48
Free block at address 624, size 32
Free block at address 672, size 64
Free block at address 752, size 64784
FREE  at : 20 
Begin of free block list :
Free block at address 0, size 48
Free block at address 64, size 48
Free block at address 128, size 48
Free block at address 192, size 32
Free block at address 240, size 64
Free block at address 320, size 32
Free block at address 368, size 48
Free block at address 432, size 32
Free block at address 480, size 64
Free block at address 560, size 48
Free block at address 624, size 32
Free block at address 672, size 64
Free block at address 752, size 64784
