ALLOC at : 4 (80 byte(s))
ALLOC at : 88 (12 byte(s))
ALLOC at : 104 (60 byte(s))
ALLOC at : 168 (12 byte(s))
ALLOC at : 184 (328 byte(s))
FREE  at : 4
FREE  at : 104
ALLOC at : 104 (20 byte(s))
ALLOC at : 128 (36 byte(s))
ALLOC at : 4 (12 byte(s))
FREE  at : 184
ALLOC at : 20 (12 byte(s))